
==========================================================================
resizer report_tns
--------------------------------------------------------------------------
tns -0.55

==========================================================================
resizer report_wns
--------------------------------------------------------------------------
wns -0.30

==========================================================================
resizer report_worst_slack
--------------------------------------------------------------------------
worst slack -0.30

==========================================================================
resizer report_checks -path_delay min
--------------------------------------------------------------------------
Startpoint: A[2] (input port clocked by core_clock)
Endpoint: A_equal (output port clocked by core_clock)
Path Group: core_clock
Path Type: min

Fanout     Cap    Slew   Delay    Time   Description
-----------------------------------------------------------------------------
                  0.00    0.00    0.00   clock core_clock (rise edge)
                          0.00    0.00   clock network delay (ideal)
                          0.44    0.44 ^ input external delay
     1    0.00    0.00    0.00    0.44 ^ A[2] (in)
                                         A[2] (net)
                  0.00    0.00    0.44 ^ input3/A (sky130_fd_sc_hd__clkbuf_1)
     2    0.01    0.10    0.11    0.55 ^ input3/X (sky130_fd_sc_hd__clkbuf_1)
                                         net3 (net)
                  0.10    0.00    0.55 ^ _30_/B (sky130_fd_sc_hd__xnor2_1)
     1    0.00    0.04    0.07    0.62 v _30_/Y (sky130_fd_sc_hd__xnor2_1)
                                         _05_ (net)
                  0.04    0.00    0.62 v _34_/A (sky130_fd_sc_hd__nand4_1)
     2    0.01    0.10    0.10    0.72 ^ _34_/Y (sky130_fd_sc_hd__nand4_1)
                                         _09_ (net)
                  0.10    0.00    0.72 ^ _35_/B (sky130_fd_sc_hd__nor2_1)
     1    0.00    0.03    0.05    0.77 v _35_/Y (sky130_fd_sc_hd__nor2_1)
                                         net17 (net)
                  0.03    0.00    0.77 v output17/A (sky130_fd_sc_hd__clkbuf_1)
     1    0.00    0.02    0.07    0.84 v output17/X (sky130_fd_sc_hd__clkbuf_1)
                                         A_equal (net)
                  0.02    0.00    0.84 v A_equal (out)
                                  0.84   data arrival time

                  0.00    0.00    0.00   clock core_clock (rise edge)
                          0.00    0.00   clock network delay (ideal)
                          0.00    0.00   clock reconvergence pessimism
                         -0.44   -0.44   output external delay
                                 -0.44   data required time
-----------------------------------------------------------------------------
                                 -0.44   data required time
                                 -0.84   data arrival time
-----------------------------------------------------------------------------
                                  1.28   slack (MET)



==========================================================================
resizer report_checks -path_delay max
--------------------------------------------------------------------------
Startpoint: B[0] (input port clocked by core_clock)
Endpoint: A_less (output port clocked by core_clock)
Path Group: core_clock
Path Type: max

Fanout     Cap    Slew   Delay    Time   Description
-----------------------------------------------------------------------------
                  0.00    0.00    0.00   clock core_clock (rise edge)
                          0.00    0.00   clock network delay (ideal)
                          0.44    0.44 v input external delay
     1    0.00    0.00    0.00    0.44 v B[0] (in)
                                         B[0] (net)
                  0.00    0.00    0.44 v input9/A (sky130_fd_sc_hd__clkbuf_1)
     2    0.01    0.05    0.09    0.53 v input9/X (sky130_fd_sc_hd__clkbuf_1)
                                         net9 (net)
                  0.05    0.00    0.53 v _40_/A_N (sky130_fd_sc_hd__nand2b_1)
     1    0.00    0.05    0.14    0.67 v _40_/Y (sky130_fd_sc_hd__nand2b_1)
                                         _14_ (net)
                  0.05    0.00    0.67 v _41_/C (sky130_fd_sc_hd__maj3_1)
     1    0.00    0.07    0.35    1.02 v _41_/X (sky130_fd_sc_hd__maj3_1)
                                         _15_ (net)
                  0.07    0.00    1.02 v _42_/C (sky130_fd_sc_hd__maj3_1)
     1    0.00    0.07    0.37    1.39 v _42_/X (sky130_fd_sc_hd__maj3_1)
                                         _16_ (net)
                  0.07    0.00    1.39 v _43_/C (sky130_fd_sc_hd__maj3_1)
     2    0.01    0.08    0.38    1.77 v _43_/X (sky130_fd_sc_hd__maj3_1)
                                         _17_ (net)
                  0.08    0.00    1.77 v _52_/A3 (sky130_fd_sc_hd__a31o_1)
     1    0.00    0.04    0.23    1.99 v _52_/X (sky130_fd_sc_hd__a31o_1)
                                         net19 (net)
                  0.04    0.00    1.99 v output19/A (sky130_fd_sc_hd__clkbuf_1)
     1    0.00    0.02    0.07    2.06 v output19/X (sky130_fd_sc_hd__clkbuf_1)
                                         A_less (net)
                  0.02    0.00    2.06 v A_less (out)
                                  2.06   data arrival time

                  0.00    2.20    2.20   clock core_clock (rise edge)
                          0.00    2.20   clock network delay (ideal)
                          0.00    2.20   clock reconvergence pessimism
                         -0.44    1.76   output external delay
                                  1.76   data required time
-----------------------------------------------------------------------------
                                  1.76   data required time
                                 -2.06   data arrival time
-----------------------------------------------------------------------------
                                 -0.30   slack (VIOLATED)



==========================================================================
resizer report_checks -unconstrained
--------------------------------------------------------------------------
Startpoint: B[0] (input port clocked by core_clock)
Endpoint: A_less (output port clocked by core_clock)
Path Group: core_clock
Path Type: max

Fanout     Cap    Slew   Delay    Time   Description
-----------------------------------------------------------------------------
                  0.00    0.00    0.00   clock core_clock (rise edge)
                          0.00    0.00   clock network delay (ideal)
                          0.44    0.44 v input external delay
     1    0.00    0.00    0.00    0.44 v B[0] (in)
                                         B[0] (net)
                  0.00    0.00    0.44 v input9/A (sky130_fd_sc_hd__clkbuf_1)
     2    0.01    0.05    0.09    0.53 v input9/X (sky130_fd_sc_hd__clkbuf_1)
                                         net9 (net)
                  0.05    0.00    0.53 v _40_/A_N (sky130_fd_sc_hd__nand2b_1)
     1    0.00    0.05    0.14    0.67 v _40_/Y (sky130_fd_sc_hd__nand2b_1)
                                         _14_ (net)
                  0.05    0.00    0.67 v _41_/C (sky130_fd_sc_hd__maj3_1)
     1    0.00    0.07    0.35    1.02 v _41_/X (sky130_fd_sc_hd__maj3_1)
                                         _15_ (net)
                  0.07    0.00    1.02 v _42_/C (sky130_fd_sc_hd__maj3_1)
     1    0.00    0.07    0.37    1.39 v _42_/X (sky130_fd_sc_hd__maj3_1)
                                         _16_ (net)
                  0.07    0.00    1.39 v _43_/C (sky130_fd_sc_hd__maj3_1)
     2    0.01    0.08    0.38    1.77 v _43_/X (sky130_fd_sc_hd__maj3_1)
                                         _17_ (net)
                  0.08    0.00    1.77 v _52_/A3 (sky130_fd_sc_hd__a31o_1)
     1    0.00    0.04    0.23    1.99 v _52_/X (sky130_fd_sc_hd__a31o_1)
                                         net19 (net)
                  0.04    0.00    1.99 v output19/A (sky130_fd_sc_hd__clkbuf_1)
     1    0.00    0.02    0.07    2.06 v output19/X (sky130_fd_sc_hd__clkbuf_1)
                                         A_less (net)
                  0.02    0.00    2.06 v A_less (out)
                                  2.06   data arrival time

                  0.00    2.20    2.20   clock core_clock (rise edge)
                          0.00    2.20   clock network delay (ideal)
                          0.00    2.20   clock reconvergence pessimism
                         -0.44    1.76   output external delay
                                  1.76   data required time
-----------------------------------------------------------------------------
                                  1.76   data required time
                                 -2.06   data arrival time
-----------------------------------------------------------------------------
                                 -0.30   slack (VIOLATED)



==========================================================================
resizer report_check_types -max_slew -max_cap -max_fanout -violators
--------------------------------------------------------------------------

==========================================================================
resizer max_slew_check_slack
--------------------------------------------------------------------------
1.339677095413208

==========================================================================
resizer max_slew_check_limit
--------------------------------------------------------------------------
1.4892979860305786

==========================================================================
resizer max_slew_check_slack_limit
--------------------------------------------------------------------------
0.8995

==========================================================================
resizer max_fanout_check_slack
--------------------------------------------------------------------------
1.0000000150474662e+30

==========================================================================
resizer max_fanout_check_limit
--------------------------------------------------------------------------
1.0000000150474662e+30

==========================================================================
resizer max_capacitance_check_slack
--------------------------------------------------------------------------
0.06499980390071869

==========================================================================
resizer max_capacitance_check_limit
--------------------------------------------------------------------------
0.0695900022983551

==========================================================================
resizer max_capacitance_check_slack_limit
--------------------------------------------------------------------------
0.9340

==========================================================================
resizer max_slew_violation_count
--------------------------------------------------------------------------
max slew violation count 0

==========================================================================
resizer max_fanout_violation_count
--------------------------------------------------------------------------
max fanout violation count 0

==========================================================================
resizer max_cap_violation_count
--------------------------------------------------------------------------
max cap violation count 0

==========================================================================
resizer setup_violation_count
--------------------------------------------------------------------------
setup violation count 2

==========================================================================
resizer hold_violation_count
--------------------------------------------------------------------------
hold violation count 0

==========================================================================
resizer critical path delay
--------------------------------------------------------------------------
2.0645

==========================================================================
resizer critical path slack
--------------------------------------------------------------------------
-0.3045

==========================================================================
resizer slack div critical path delay
--------------------------------------------------------------------------
-14.749334

==========================================================================
resizer report_power
--------------------------------------------------------------------------
Group                  Internal  Switching    Leakage      Total
                          Power      Power      Power      Power (Watts)
----------------------------------------------------------------
Sequential             0.00e+00   0.00e+00   0.00e+00   0.00e+00   0.0%
Combinational          2.78e-05   2.27e-05   1.04e-10   5.05e-05 100.0%
Clock                  0.00e+00   0.00e+00   0.00e+00   0.00e+00   0.0%
Macro                  0.00e+00   0.00e+00   0.00e+00   0.00e+00   0.0%
Pad                    0.00e+00   0.00e+00   0.00e+00   0.00e+00   0.0%
----------------------------------------------------------------
Total                  2.78e-05   2.27e-05   1.04e-10   5.05e-05 100.0%
                          55.1%      44.9%       0.0%
