
==========================================================================
global place report_tns
--------------------------------------------------------------------------
tns 0.00

==========================================================================
global place report_wns
--------------------------------------------------------------------------
wns 0.00

==========================================================================
global place report_worst_slack
--------------------------------------------------------------------------
worst slack 0.05

==========================================================================
global place report_checks -path_delay min
--------------------------------------------------------------------------
Startpoint: A[2] (input port clocked by core_clock)
Endpoint: A_equal (output port clocked by core_clock)
Path Group: core_clock
Path Type: min

Fanout     Cap    Slew   Delay    Time   Description
-----------------------------------------------------------------------------
                  0.00    0.00    0.00   clock core_clock (rise edge)
                          0.00    0.00   clock network delay (ideal)
                          0.44    0.44 ^ input external delay
     2    0.01    0.00    0.00    0.44 ^ A[2] (in)
                                         A[2] (net)
                  0.00    0.00    0.44 ^ _30_/B (sky130_fd_sc_hd__xnor2_1)
     1    0.00    0.03    0.04    0.48 v _30_/Y (sky130_fd_sc_hd__xnor2_1)
                                         _05_ (net)
                  0.03    0.00    0.48 v _34_/A (sky130_fd_sc_hd__nand4_1)
     2    0.01    0.10    0.10    0.58 ^ _34_/Y (sky130_fd_sc_hd__nand4_1)
                                         _09_ (net)
                  0.10    0.00    0.58 ^ _35_/B (sky130_fd_sc_hd__nor2_1)
     1    0.00    0.03    0.04    0.62 v _35_/Y (sky130_fd_sc_hd__nor2_1)
                                         A_equal (net)
                  0.03    0.00    0.62 v A_equal (out)
                                  0.62   data arrival time

                  0.00    0.00    0.00   clock core_clock (rise edge)
                          0.00    0.00   clock network delay (ideal)
                          0.00    0.00   clock reconvergence pessimism
                         -0.44   -0.44   output external delay
                                 -0.44   data required time
-----------------------------------------------------------------------------
                                 -0.44   data required time
                                 -0.62   data arrival time
-----------------------------------------------------------------------------
                                  1.06   slack (MET)



==========================================================================
global place report_checks -path_delay max
--------------------------------------------------------------------------
Startpoint: B[0] (input port clocked by core_clock)
Endpoint: A_less (output port clocked by core_clock)
Path Group: core_clock
Path Type: max

Fanout     Cap    Slew   Delay    Time   Description
-----------------------------------------------------------------------------
                  0.00    0.00    0.00   clock core_clock (rise edge)
                          0.00    0.00   clock network delay (ideal)
                          0.44    0.44 v input external delay
     2    0.01    0.00    0.00    0.44 v B[0] (in)
                                         B[0] (net)
                  0.00    0.00    0.44 v _40_/A_N (sky130_fd_sc_hd__nand2b_1)
     1    0.00    0.05    0.12    0.56 v _40_/Y (sky130_fd_sc_hd__nand2b_1)
                                         _14_ (net)
                  0.05    0.00    0.56 v _41_/C (sky130_fd_sc_hd__maj3_2)
     1    0.00    0.06    0.30    0.87 v _41_/X (sky130_fd_sc_hd__maj3_2)
                                         _15_ (net)
                  0.06    0.00    0.87 v _42_/C (sky130_fd_sc_hd__maj3_2)
     1    0.00    0.06    0.31    1.18 v _42_/X (sky130_fd_sc_hd__maj3_2)
                                         _16_ (net)
                  0.06    0.00    1.18 v _43_/C (sky130_fd_sc_hd__maj3_2)
     2    0.01    0.06    0.32    1.50 v _43_/X (sky130_fd_sc_hd__maj3_2)
                                         _17_ (net)
                  0.06    0.00    1.50 v _52_/A3 (sky130_fd_sc_hd__a31o_1)
     1    0.00    0.03    0.21    1.71 v _52_/X (sky130_fd_sc_hd__a31o_1)
                                         A_less (net)
                  0.03    0.00    1.71 v A_less (out)
                                  1.71   data arrival time

                  0.00    2.20    2.20   clock core_clock (rise edge)
                          0.00    2.20   clock network delay (ideal)
                          0.00    2.20   clock reconvergence pessimism
                         -0.44    1.76   output external delay
                                  1.76   data required time
-----------------------------------------------------------------------------
                                  1.76   data required time
                                 -1.71   data arrival time
-----------------------------------------------------------------------------
                                  0.05   slack (MET)



==========================================================================
global place report_checks -unconstrained
--------------------------------------------------------------------------
Startpoint: B[0] (input port clocked by core_clock)
Endpoint: A_less (output port clocked by core_clock)
Path Group: core_clock
Path Type: max

Fanout     Cap    Slew   Delay    Time   Description
-----------------------------------------------------------------------------
                  0.00    0.00    0.00   clock core_clock (rise edge)
                          0.00    0.00   clock network delay (ideal)
                          0.44    0.44 v input external delay
     2    0.01    0.00    0.00    0.44 v B[0] (in)
                                         B[0] (net)
                  0.00    0.00    0.44 v _40_/A_N (sky130_fd_sc_hd__nand2b_1)
     1    0.00    0.05    0.12    0.56 v _40_/Y (sky130_fd_sc_hd__nand2b_1)
                                         _14_ (net)
                  0.05    0.00    0.56 v _41_/C (sky130_fd_sc_hd__maj3_2)
     1    0.00    0.06    0.30    0.87 v _41_/X (sky130_fd_sc_hd__maj3_2)
                                         _15_ (net)
                  0.06    0.00    0.87 v _42_/C (sky130_fd_sc_hd__maj3_2)
     1    0.00    0.06    0.31    1.18 v _42_/X (sky130_fd_sc_hd__maj3_2)
                                         _16_ (net)
                  0.06    0.00    1.18 v _43_/C (sky130_fd_sc_hd__maj3_2)
     2    0.01    0.06    0.32    1.50 v _43_/X (sky130_fd_sc_hd__maj3_2)
                                         _17_ (net)
                  0.06    0.00    1.50 v _52_/A3 (sky130_fd_sc_hd__a31o_1)
     1    0.00    0.03    0.21    1.71 v _52_/X (sky130_fd_sc_hd__a31o_1)
                                         A_less (net)
                  0.03    0.00    1.71 v A_less (out)
                                  1.71   data arrival time

                  0.00    2.20    2.20   clock core_clock (rise edge)
                          0.00    2.20   clock network delay (ideal)
                          0.00    2.20   clock reconvergence pessimism
                         -0.44    1.76   output external delay
                                  1.76   data required time
-----------------------------------------------------------------------------
                                  1.76   data required time
                                 -1.71   data arrival time
-----------------------------------------------------------------------------
                                  0.05   slack (MET)



==========================================================================
global place report_power
--------------------------------------------------------------------------
Group                  Internal  Switching    Leakage      Total
                          Power      Power      Power      Power (Watts)
----------------------------------------------------------------
Sequential             0.00e+00   0.00e+00   0.00e+00   0.00e+00   0.0%
Combinational          2.32e-05   1.25e-05   8.77e-11   3.57e-05 100.0%
Clock                  0.00e+00   0.00e+00   0.00e+00   0.00e+00   0.0%
Macro                  0.00e+00   0.00e+00   0.00e+00   0.00e+00   0.0%
Pad                    0.00e+00   0.00e+00   0.00e+00   0.00e+00   0.0%
----------------------------------------------------------------
Total                  2.32e-05   1.25e-05   8.77e-11   3.57e-05 100.0%
                          65.0%      35.0%       0.0%
